Archive member included because of file (symbol)

f:/courses/iti/embedded systems/tools/imt tools/sdk/imt_sdk_win_64/imt_sdk_win_64/winavr/bin/../lib/gcc/avr/4.3.3/avr5\libgcc.a(_exit.o)
                              f:/courses/iti/embedded systems/tools/imt tools/sdk/imt_sdk_win_64/imt_sdk_win_64/winavr/bin/../lib/gcc/avr/4.3.3/../../../../avr/lib/avr5/crtm32.o (exit)
f:/courses/iti/embedded systems/tools/imt tools/sdk/imt_sdk_win_64/imt_sdk_win_64/winavr/bin/../lib/gcc/avr/4.3.3/avr5\libgcc.a(_clear_bss.o)
                              ./MCAL/TIMERS/TIMERS_prog.o (__do_clear_bss)

Memory Configuration

Name             Origin             Length             Attributes
text             0x00000000         0x00020000         xr
data             0x00800060         0x0000ffa0         rw !x
eeprom           0x00810000         0x00010000         rw !x
fuse             0x00820000         0x00000400         rw !x
lock             0x00830000         0x00000400         rw !x
signature        0x00840000         0x00000400         rw !x
*default*        0x00000000         0xffffffff

Linker script and memory map

LOAD f:/courses/iti/embedded systems/tools/imt tools/sdk/imt_sdk_win_64/imt_sdk_win_64/winavr/bin/../lib/gcc/avr/4.3.3/../../../../avr/lib/avr5/crtm32.o
LOAD ./MCAL/USART/USART_prog.o
LOAD ./MCAL/TIMERS/TIMERS_prog.o
LOAD ./MCAL/GIE/GIE_prog.o
LOAD ./MCAL/EXTI/EXTI_prog.o
LOAD ./MCAL/DIO/DIO_prog.o
LOAD ./MCAL/ADC/ADC_prog.o
LOAD ./APP/main.o
LOAD f:/courses/iti/embedded systems/tools/imt tools/sdk/imt_sdk_win_64/imt_sdk_win_64/winavr/bin/../lib/gcc/avr/4.3.3/avr5\libgcc.a
LOAD f:/courses/iti/embedded systems/tools/imt tools/sdk/imt_sdk_win_64/imt_sdk_win_64/winavr/bin/../lib/gcc/avr/4.3.3/../../../../avr/lib/avr5\libc.a
LOAD f:/courses/iti/embedded systems/tools/imt tools/sdk/imt_sdk_win_64/imt_sdk_win_64/winavr/bin/../lib/gcc/avr/4.3.3/avr5\libgcc.a

.hash
 *(.hash)

.dynsym
 *(.dynsym)

.dynstr
 *(.dynstr)

.gnu.version
 *(.gnu.version)

.gnu.version_d
 *(.gnu.version_d)

.gnu.version_r
 *(.gnu.version_r)

.rel.init
 *(.rel.init)

.rela.init
 *(.rela.init)

.rel.text
 *(.rel.text)
 *(.rel.text.*)
 *(.rel.gnu.linkonce.t*)

.rela.text
 *(.rela.text)
 *(.rela.text.*)
 *(.rela.gnu.linkonce.t*)

.rel.fini
 *(.rel.fini)

.rela.fini
 *(.rela.fini)

.rel.rodata
 *(.rel.rodata)
 *(.rel.rodata.*)
 *(.rel.gnu.linkonce.r*)

.rela.rodata
 *(.rela.rodata)
 *(.rela.rodata.*)
 *(.rela.gnu.linkonce.r*)

.rel.data
 *(.rel.data)
 *(.rel.data.*)
 *(.rel.gnu.linkonce.d*)

.rela.data
 *(.rela.data)
 *(.rela.data.*)
 *(.rela.gnu.linkonce.d*)

.rel.ctors
 *(.rel.ctors)

.rela.ctors
 *(.rela.ctors)

.rel.dtors
 *(.rel.dtors)

.rela.dtors
 *(.rela.dtors)

.rel.got
 *(.rel.got)

.rela.got
 *(.rela.got)

.rel.bss
 *(.rel.bss)

.rela.bss
 *(.rela.bss)

.rel.plt
 *(.rel.plt)

.rela.plt
 *(.rela.plt)

.text           0x00000000     0x175c
 *(.vectors)
 .vectors       0x00000000       0x54 f:/courses/iti/embedded systems/tools/imt tools/sdk/imt_sdk_win_64/imt_sdk_win_64/winavr/bin/../lib/gcc/avr/4.3.3/../../../../avr/lib/avr5/crtm32.o
                0x00000000                __vectors
                0x00000000                __vector_default
 *(.vectors)
 *(.progmem.gcc*)
 *(.progmem*)
                0x00000054                . = ALIGN (0x2)
                0x00000054                __trampolines_start = .
 *(.trampolines)
 .trampolines   0x00000054        0x0 linker stubs
 *(.trampolines*)
                0x00000054                __trampolines_end = .
 *(.jumptables)
 *(.jumptables*)
 *(.lowtext)
 *(.lowtext*)
                0x00000054                __ctors_start = .
 *(.ctors)
                0x00000054                __ctors_end = .
                0x00000054                __dtors_start = .
 *(.dtors)
                0x00000054                __dtors_end = .
 SORT(*)(.ctors)
 SORT(*)(.dtors)
 *(.init0)
 .init0         0x00000054        0x0 f:/courses/iti/embedded systems/tools/imt tools/sdk/imt_sdk_win_64/imt_sdk_win_64/winavr/bin/../lib/gcc/avr/4.3.3/../../../../avr/lib/avr5/crtm32.o
                0x00000054                __init
 *(.init0)
 *(.init1)
 *(.init1)
 *(.init2)
 .init2         0x00000054        0xc f:/courses/iti/embedded systems/tools/imt tools/sdk/imt_sdk_win_64/imt_sdk_win_64/winavr/bin/../lib/gcc/avr/4.3.3/../../../../avr/lib/avr5/crtm32.o
 *(.init2)
 *(.init3)
 *(.init3)
 *(.init4)
 .init4         0x00000060       0x10 f:/courses/iti/embedded systems/tools/imt tools/sdk/imt_sdk_win_64/imt_sdk_win_64/winavr/bin/../lib/gcc/avr/4.3.3/avr5\libgcc.a(_clear_bss.o)
                0x00000060                __do_clear_bss
 *(.init4)
 *(.init5)
 *(.init5)
 *(.init6)
 *(.init6)
 *(.init7)
 *(.init7)
 *(.init8)
 *(.init8)
 *(.init9)
 .init9         0x00000070        0x8 f:/courses/iti/embedded systems/tools/imt tools/sdk/imt_sdk_win_64/imt_sdk_win_64/winavr/bin/../lib/gcc/avr/4.3.3/../../../../avr/lib/avr5/crtm32.o
 *(.init9)
 *(.text)
 .text          0x00000078        0x4 f:/courses/iti/embedded systems/tools/imt tools/sdk/imt_sdk_win_64/imt_sdk_win_64/winavr/bin/../lib/gcc/avr/4.3.3/../../../../avr/lib/avr5/crtm32.o
                0x00000078                __vector_12
                0x00000078                __bad_interrupt
                0x00000078                __vector_13
                0x00000078                __vector_17
                0x00000078                __vector_19
                0x00000078                __vector_15
                0x00000078                __vector_14
                0x00000078                __vector_16
                0x00000078                __vector_18
                0x00000078                __vector_20
 .text          0x0000007c        0x0 ./MCAL/USART/USART_prog.o
 .text          0x0000007c        0x0 ./MCAL/TIMERS/TIMERS_prog.o
 .text          0x0000007c        0x0 ./MCAL/GIE/GIE_prog.o
 .text          0x0000007c        0x0 ./MCAL/EXTI/EXTI_prog.o
 .text          0x0000007c        0x0 ./MCAL/DIO/DIO_prog.o
 .text          0x0000007c        0x0 ./MCAL/ADC/ADC_prog.o
 .text          0x0000007c        0x0 ./APP/main.o
 .text          0x0000007c        0x0 f:/courses/iti/embedded systems/tools/imt tools/sdk/imt_sdk_win_64/imt_sdk_win_64/winavr/bin/../lib/gcc/avr/4.3.3/avr5\libgcc.a(_exit.o)
 .text          0x0000007c        0x0 f:/courses/iti/embedded systems/tools/imt tools/sdk/imt_sdk_win_64/imt_sdk_win_64/winavr/bin/../lib/gcc/avr/4.3.3/avr5\libgcc.a(_clear_bss.o)
                0x0000007c                . = ALIGN (0x2)
 *(.text.*)
 .text.MUSART_vInit
                0x0000007c       0xbc ./MCAL/USART/USART_prog.o
                0x0000007c                MUSART_vInit
 .text.MUSART_vTransmit
                0x00000138       0x2e ./MCAL/USART/USART_prog.o
                0x00000138                MUSART_vTransmit
 .text.MUSART_u8Receive
                0x00000166       0x1e ./MCAL/USART/USART_prog.o
                0x00000166                MUSART_u8Receive
 .text.MTIMERS_vInit
                0x00000184      0x126 ./MCAL/TIMERS/TIMERS_prog.o
                0x00000184                MTIMERS_vInit
 .text.MTIMERS_vSetIntervalAsynch
                0x000002aa       0xca ./MCAL/TIMERS/TIMERS_prog.o
                0x000002aa                MTIMERS_vSetIntervalAsynch
 .text.MTIMERS_vSetInterval_CTC
                0x00000374      0x120 ./MCAL/TIMERS/TIMERS_prog.o
                0x00000374                MTIMERS_vSetInterval_CTC
 .text.MTIMERS_vSetCompareMatch
                0x00000494       0x90 ./MCAL/TIMERS/TIMERS_prog.o
                0x00000494                MTIMERS_vSetCompareMatch
 .text.MTIMERS_vStartTimer
                0x00000524       0x2e ./MCAL/TIMERS/TIMERS_prog.o
                0x00000524                MTIMERS_vStartTimer
 .text.MTIMERS_vStopTimer
                0x00000552       0x62 ./MCAL/TIMERS/TIMERS_prog.o
                0x00000552                MTIMERS_vStopTimer
 .text.MTIMERS_vSetICU_CB
                0x000005b4       0x24 ./MCAL/TIMERS/TIMERS_prog.o
                0x000005b4                MTIMERS_vSetICU_CB
 .text.MTIMERS_u16GetCapturedValue
                0x000005d8       0x16 ./MCAL/TIMERS/TIMERS_prog.o
                0x000005d8                MTIMERS_u16GetCapturedValue
 .text.MTIMERS_vSetICUTrigger
                0x000005ee       0x54 ./MCAL/TIMERS/TIMERS_prog.o
                0x000005ee                MTIMERS_vSetICUTrigger
 .text.MTIMERS_vEnableInterrupt
                0x00000642       0x38 ./MCAL/TIMERS/TIMERS_prog.o
                0x00000642                MTIMERS_vEnableInterrupt
 .text.MTIMERS_vDisableInterrupt
                0x0000067a       0x38 ./MCAL/TIMERS/TIMERS_prog.o
                0x0000067a                MTIMERS_vDisableInterrupt
 .text.__vector_11
                0x000006b2       0xc6 ./MCAL/TIMERS/TIMERS_prog.o
                0x000006b2                __vector_11
 .text.__vector_10
                0x00000778       0xc6 ./MCAL/TIMERS/TIMERS_prog.o
                0x00000778                __vector_10
 .text.__vector_9
                0x0000083e       0xc6 ./MCAL/TIMERS/TIMERS_prog.o
                0x0000083e                __vector_9
 .text.__vector_8
                0x00000904       0xc6 ./MCAL/TIMERS/TIMERS_prog.o
                0x00000904                __vector_8
 .text.__vector_7
                0x000009ca       0xc6 ./MCAL/TIMERS/TIMERS_prog.o
                0x000009ca                __vector_7
 .text.__vector_6
                0x00000a90       0x66 ./MCAL/TIMERS/TIMERS_prog.o
                0x00000a90                __vector_6
 .text.__vector_5
                0x00000af6       0xc6 ./MCAL/TIMERS/TIMERS_prog.o
                0x00000af6                __vector_5
 .text.__vector_4
                0x00000bbc       0xc6 ./MCAL/TIMERS/TIMERS_prog.o
                0x00000bbc                __vector_4
 .text.MGIE_vEnableInterrupt
                0x00000c82       0x1c ./MCAL/GIE/GIE_prog.o
                0x00000c82                MGIE_vEnableInterrupt
 .text.MGIE_vDisableInterrupt
                0x00000c9e       0x1c ./MCAL/GIE/GIE_prog.o
                0x00000c9e                MGIE_vDisableInterrupt
 .text.MEXTI_vInit
                0x00000cba       0x3c ./MCAL/EXTI/EXTI_prog.o
                0x00000cba                MEXTI_vInit
 .text.MEXTI_vCallBackFunction
                0x00000cf6       0x36 ./MCAL/EXTI/EXTI_prog.o
                0x00000cf6                MEXTI_vCallBackFunction
 .text.__vector_1
                0x00000d2c       0x66 ./MCAL/EXTI/EXTI_prog.o
                0x00000d2c                __vector_1
 .text.__vector_2
                0x00000d92       0x66 ./MCAL/EXTI/EXTI_prog.o
                0x00000d92                __vector_2
 .text.__vector_3
                0x00000df8       0x66 ./MCAL/EXTI/EXTI_prog.o
                0x00000df8                __vector_3
 .text.MDIO_vInit
                0x00000e5e       0x56 ./MCAL/DIO/DIO_prog.o
                0x00000e5e                MDIO_vInit
 .text.MDIO_vSetPinDir
                0x00000eb4      0x200 ./MCAL/DIO/DIO_prog.o
                0x00000eb4                MDIO_vSetPinDir
 .text.MDIO_vSetPinVal
                0x000010b4      0x200 ./MCAL/DIO/DIO_prog.o
                0x000010b4                MDIO_vSetPinVal
 .text.MDIO_u8GetPinVal
                0x000012b4       0xf4 ./MCAL/DIO/DIO_prog.o
                0x000012b4                MDIO_u8GetPinVal
 .text.MDIO_vTogPinVal
                0x000013a8       0xfa ./MCAL/DIO/DIO_prog.o
                0x000013a8                MDIO_vTogPinVal
 .text.MDIO_vSetPortDir
                0x000014a2       0x82 ./MCAL/DIO/DIO_prog.o
                0x000014a2                MDIO_vSetPortDir
 .text.MDIO_vSetPortVal
                0x00001524       0x82 ./MCAL/DIO/DIO_prog.o
                0x00001524                MDIO_vSetPortVal
 .text.MDIO_u8GetPortVal
                0x000015a6       0x84 ./MCAL/DIO/DIO_prog.o
                0x000015a6                MDIO_u8GetPortVal
 .text.MADC_vInit
                0x0000162a       0x72 ./MCAL/ADC/ADC_prog.o
                0x0000162a                MADC_vInit
 .text.MADC_u16AnalogRead
                0x0000169c       0x64 ./MCAL/ADC/ADC_prog.o
                0x0000169c                MADC_u16AnalogRead
 .text.main     0x00001700       0x58 ./APP/main.o
                0x00001700                main
 .text.libgcc   0x00001758        0x0 f:/courses/iti/embedded systems/tools/imt tools/sdk/imt_sdk_win_64/imt_sdk_win_64/winavr/bin/../lib/gcc/avr/4.3.3/avr5\libgcc.a(_exit.o)
 .text.libgcc   0x00001758        0x0 f:/courses/iti/embedded systems/tools/imt tools/sdk/imt_sdk_win_64/imt_sdk_win_64/winavr/bin/../lib/gcc/avr/4.3.3/avr5\libgcc.a(_clear_bss.o)
                0x00001758                . = ALIGN (0x2)
 *(.fini9)
 .fini9         0x00001758        0x0 f:/courses/iti/embedded systems/tools/imt tools/sdk/imt_sdk_win_64/imt_sdk_win_64/winavr/bin/../lib/gcc/avr/4.3.3/avr5\libgcc.a(_exit.o)
                0x00001758                exit
                0x00001758                _exit
 *(.fini9)
 *(.fini8)
 *(.fini8)
 *(.fini7)
 *(.fini7)
 *(.fini6)
 *(.fini6)
 *(.fini5)
 *(.fini5)
 *(.fini4)
 *(.fini4)
 *(.fini3)
 *(.fini3)
 *(.fini2)
 *(.fini2)
 *(.fini1)
 *(.fini1)
 *(.fini0)
 .fini0         0x00001758        0x4 f:/courses/iti/embedded systems/tools/imt tools/sdk/imt_sdk_win_64/imt_sdk_win_64/winavr/bin/../lib/gcc/avr/4.3.3/avr5\libgcc.a(_exit.o)
 *(.fini0)
                0x0000175c                _etext = .

.data           0x00800060        0x0 load address 0x0000175c
                0x00800060                PROVIDE (__data_start, .)
 *(.data)
 .data          0x00800060        0x0 f:/courses/iti/embedded systems/tools/imt tools/sdk/imt_sdk_win_64/imt_sdk_win_64/winavr/bin/../lib/gcc/avr/4.3.3/../../../../avr/lib/avr5/crtm32.o
 .data          0x00800060        0x0 ./MCAL/USART/USART_prog.o
 .data          0x00800060        0x0 ./MCAL/TIMERS/TIMERS_prog.o
 .data          0x00800060        0x0 ./MCAL/GIE/GIE_prog.o
 .data          0x00800060        0x0 ./MCAL/EXTI/EXTI_prog.o
 .data          0x00800060        0x0 ./MCAL/DIO/DIO_prog.o
 .data          0x00800060        0x0 ./MCAL/ADC/ADC_prog.o
 .data          0x00800060        0x0 ./APP/main.o
 .data          0x00800060        0x0 f:/courses/iti/embedded systems/tools/imt tools/sdk/imt_sdk_win_64/imt_sdk_win_64/winavr/bin/../lib/gcc/avr/4.3.3/avr5\libgcc.a(_exit.o)
 .data          0x00800060        0x0 f:/courses/iti/embedded systems/tools/imt tools/sdk/imt_sdk_win_64/imt_sdk_win_64/winavr/bin/../lib/gcc/avr/4.3.3/avr5\libgcc.a(_clear_bss.o)
 *(.data*)
 *(.rodata)
 *(.rodata*)
 *(.gnu.linkonce.d*)
                0x00800060                . = ALIGN (0x2)
                0x00800060                _edata = .
                0x00800060                PROVIDE (__data_end, .)

.bss            0x00800060       0x46
                0x00800060                PROVIDE (__bss_start, .)
 *(.bss)
 .bss           0x00800060        0x0 f:/courses/iti/embedded systems/tools/imt tools/sdk/imt_sdk_win_64/imt_sdk_win_64/winavr/bin/../lib/gcc/avr/4.3.3/../../../../avr/lib/avr5/crtm32.o
 .bss           0x00800060        0x0 ./MCAL/USART/USART_prog.o
 .bss           0x00800060        0x0 ./MCAL/TIMERS/TIMERS_prog.o
 .bss           0x00800060        0x0 ./MCAL/GIE/GIE_prog.o
 .bss           0x00800060        0x0 ./MCAL/EXTI/EXTI_prog.o
 .bss           0x00800060        0x0 ./MCAL/DIO/DIO_prog.o
 .bss           0x00800060        0x0 ./MCAL/ADC/ADC_prog.o
 .bss           0x00800060        0x0 ./APP/main.o
 .bss           0x00800060        0x0 f:/courses/iti/embedded systems/tools/imt tools/sdk/imt_sdk_win_64/imt_sdk_win_64/winavr/bin/../lib/gcc/avr/4.3.3/avr5\libgcc.a(_exit.o)
 .bss           0x00800060        0x0 f:/courses/iti/embedded systems/tools/imt tools/sdk/imt_sdk_win_64/imt_sdk_win_64/winavr/bin/../lib/gcc/avr/4.3.3/avr5\libgcc.a(_clear_bss.o)
 *(.bss*)
 .bss.G_TIMER0_OVF_CB
                0x00800060        0x2 ./MCAL/TIMERS/TIMERS_prog.o
 .bss.G_TIMER1_OVF_CB
                0x00800062        0x2 ./MCAL/TIMERS/TIMERS_prog.o
 .bss.G_TIMER2_OVF_CB
                0x00800064        0x2 ./MCAL/TIMERS/TIMERS_prog.o
 .bss.G_TIMER0_CTC_CB
                0x00800066        0x2 ./MCAL/TIMERS/TIMERS_prog.o
 .bss.G_TIMER1A_CTC_CB
                0x00800068        0x2 ./MCAL/TIMERS/TIMERS_prog.o
 .bss.G_TIMER1B_CTC_CB
                0x0080006a        0x2 ./MCAL/TIMERS/TIMERS_prog.o
 .bss.G_TIMER2_CTC_CB
                0x0080006c        0x2 ./MCAL/TIMERS/TIMERS_prog.o
 .bss.G_TIMER_ICU_CB
                0x0080006e        0x2 ./MCAL/TIMERS/TIMERS_prog.o
 .bss.G_u32TimeRequired_0
                0x00800070        0x4 ./MCAL/TIMERS/TIMERS_prog.o
 .bss.G_u32TimeRequired_1_OVF
                0x00800074        0x4 ./MCAL/TIMERS/TIMERS_prog.o
 .bss.G_u32TimeRequired_1A_CTC
                0x00800078        0x4 ./MCAL/TIMERS/TIMERS_prog.o
 .bss.G_u32TimeRequired_1B_CTC
                0x0080007c        0x4 ./MCAL/TIMERS/TIMERS_prog.o
 .bss.G_u32TimeRequired_2
                0x00800080        0x4 ./MCAL/TIMERS/TIMERS_prog.o
 .bss.L_u32TIM0_OVF.1549
                0x00800084        0x4 ./MCAL/TIMERS/TIMERS_prog.o
 .bss.L_u32TIM0_Counter.1565
                0x00800088        0x4 ./MCAL/TIMERS/TIMERS_prog.o
 .bss.L_u32TIM1_OVF.1581
                0x0080008c        0x4 ./MCAL/TIMERS/TIMERS_prog.o
 .bss.L_u32TIM1B_Counter.1597
                0x00800090        0x4 ./MCAL/TIMERS/TIMERS_prog.o
 .bss.L_u32TIM1A_Counter.1613
                0x00800094        0x4 ./MCAL/TIMERS/TIMERS_prog.o
 .bss.L_u32TIM2_OVF.1638
                0x00800098        0x4 ./MCAL/TIMERS/TIMERS_prog.o
 .bss.L_u32TIM2_Counter.1654
                0x0080009c        0x4 ./MCAL/TIMERS/TIMERS_prog.o
 .bss.G_EXTISaveAddArr
                0x008000a0        0x6 ./MCAL/EXTI/EXTI_prog.o
 *(COMMON)
                0x008000a6                PROVIDE (__bss_end, .)
                0x0000175c                __data_load_start = LOADADDR (.data)
                0x0000175c                __data_load_end = (__data_load_start + SIZEOF (.data))

.noinit         0x008000a6        0x0
                0x008000a6                PROVIDE (__noinit_start, .)
 *(.noinit*)
                0x008000a6                PROVIDE (__noinit_end, .)
                0x008000a6                _end = .
                0x008000a6                PROVIDE (__heap_start, .)

.eeprom         0x00810000        0x0
 *(.eeprom*)
                0x00810000                __eeprom_end = .

.fuse
 *(.fuse)
 *(.lfuse)
 *(.hfuse)
 *(.efuse)

.lock
 *(.lock*)

.signature
 *(.signature*)

.stab           0x00000000     0x1dc4
 *(.stab)
 .stab          0x00000000      0x318 ./MCAL/USART/USART_prog.o
 .stab          0x00000318      0xb64 ./MCAL/TIMERS/TIMERS_prog.o
                                0xb70 (size before relaxing)
 .stab          0x00000e7c      0x1bc ./MCAL/GIE/GIE_prog.o
                                0x1c8 (size before relaxing)
 .stab          0x00001038      0x2b8 ./MCAL/EXTI/EXTI_prog.o
                                0x2c4 (size before relaxing)
 .stab          0x000012f0      0x684 ./MCAL/DIO/DIO_prog.o
                                0x690 (size before relaxing)
 .stab          0x00001974      0x240 ./MCAL/ADC/ADC_prog.o
                                0x24c (size before relaxing)
 .stab          0x00001bb4      0x210 ./APP/main.o
                                0x21c (size before relaxing)

.stabstr        0x00000000      0xc0a
 *(.stabstr)
 .stabstr       0x00000000      0xc0a ./MCAL/USART/USART_prog.o

.stab.excl
 *(.stab.excl)

.stab.exclstr
 *(.stab.exclstr)

.stab.index
 *(.stab.index)

.stab.indexstr
 *(.stab.indexstr)

.comment
 *(.comment)

.debug
 *(.debug)

.line
 *(.line)

.debug_srcinfo
 *(.debug_srcinfo)

.debug_sfnames
 *(.debug_sfnames)

.debug_aranges
 *(.debug_aranges)

.debug_pubnames
 *(.debug_pubnames)

.debug_info
 *(.debug_info)
 *(.gnu.linkonce.wi.*)

.debug_abbrev
 *(.debug_abbrev)

.debug_line
 *(.debug_line)

.debug_frame
 *(.debug_frame)

.debug_str
 *(.debug_str)

.debug_loc
 *(.debug_loc)

.debug_macinfo
 *(.debug_macinfo)
OUTPUT(Graduation_Project.elf elf32-avr)
LOAD linker stubs
