Archive member included because of file (symbol)

f:/courses/iti/embedded systems/tools/imt tools/sdk/imt_sdk_win_64/imt_sdk_win_64/winavr/bin/../lib/gcc/avr/4.3.3/avr5\libgcc.a(_exit.o)
                              f:/courses/iti/embedded systems/tools/imt tools/sdk/imt_sdk_win_64/imt_sdk_win_64/winavr/bin/../lib/gcc/avr/4.3.3/../../../../avr/lib/avr5/crtm32.o (exit)
f:/courses/iti/embedded systems/tools/imt tools/sdk/imt_sdk_win_64/imt_sdk_win_64/winavr/bin/../lib/gcc/avr/4.3.3/avr5\libgcc.a(_copy_data.o)
                              ./HAL/KPD/KPD_prog.o (__do_copy_data)
f:/courses/iti/embedded systems/tools/imt tools/sdk/imt_sdk_win_64/imt_sdk_win_64/winavr/bin/../lib/gcc/avr/4.3.3/avr5\libgcc.a(_clear_bss.o)
                              ./MCAL/TIMERS/TIMERS_prog.o (__do_clear_bss)

Memory Configuration

Name             Origin             Length             Attributes
text             0x00000000         0x00020000         xr
data             0x00800060         0x0000ffa0         rw !x
eeprom           0x00810000         0x00010000         rw !x
fuse             0x00820000         0x00000400         rw !x
lock             0x00830000         0x00000400         rw !x
signature        0x00840000         0x00000400         rw !x
*default*        0x00000000         0xffffffff

Linker script and memory map

LOAD f:/courses/iti/embedded systems/tools/imt tools/sdk/imt_sdk_win_64/imt_sdk_win_64/winavr/bin/../lib/gcc/avr/4.3.3/../../../../avr/lib/avr5/crtm32.o
LOAD ./MCAL/USART/USART_prog.o
LOAD ./MCAL/TIMERS/TIMERS_prog.o
LOAD ./MCAL/GIE/GIE_prog.o
LOAD ./MCAL/EXTI/EXTI_prog.o
LOAD ./MCAL/DIO/DIO_prog.o
LOAD ./MCAL/ADC/ADC_prog.o
LOAD ./HAL/KPD/KPD_prog.o
LOAD ./APP/main.o
LOAD f:/courses/iti/embedded systems/tools/imt tools/sdk/imt_sdk_win_64/imt_sdk_win_64/winavr/bin/../lib/gcc/avr/4.3.3/avr5\libgcc.a
LOAD f:/courses/iti/embedded systems/tools/imt tools/sdk/imt_sdk_win_64/imt_sdk_win_64/winavr/bin/../lib/gcc/avr/4.3.3/../../../../avr/lib/avr5\libc.a
LOAD f:/courses/iti/embedded systems/tools/imt tools/sdk/imt_sdk_win_64/imt_sdk_win_64/winavr/bin/../lib/gcc/avr/4.3.3/avr5\libgcc.a

.hash
 *(.hash)

.dynsym
 *(.dynsym)

.dynstr
 *(.dynstr)

.gnu.version
 *(.gnu.version)

.gnu.version_d
 *(.gnu.version_d)

.gnu.version_r
 *(.gnu.version_r)

.rel.init
 *(.rel.init)

.rela.init
 *(.rela.init)

.rel.text
 *(.rel.text)
 *(.rel.text.*)
 *(.rel.gnu.linkonce.t*)

.rela.text
 *(.rela.text)
 *(.rela.text.*)
 *(.rela.gnu.linkonce.t*)

.rel.fini
 *(.rel.fini)

.rela.fini
 *(.rela.fini)

.rel.rodata
 *(.rel.rodata)
 *(.rel.rodata.*)
 *(.rel.gnu.linkonce.r*)

.rela.rodata
 *(.rela.rodata)
 *(.rela.rodata.*)
 *(.rela.gnu.linkonce.r*)

.rel.data
 *(.rel.data)
 *(.rel.data.*)
 *(.rel.gnu.linkonce.d*)

.rela.data
 *(.rela.data)
 *(.rela.data.*)
 *(.rela.gnu.linkonce.d*)

.rel.ctors
 *(.rel.ctors)

.rela.ctors
 *(.rela.ctors)

.rel.dtors
 *(.rel.dtors)

.rela.dtors
 *(.rela.dtors)

.rel.got
 *(.rel.got)

.rela.got
 *(.rela.got)

.rel.bss
 *(.rel.bss)

.rela.bss
 *(.rela.bss)

.rel.plt
 *(.rel.plt)

.rela.plt
 *(.rela.plt)

.text           0x00000000      0xd58
 *(.vectors)
 .vectors       0x00000000       0x54 f:/courses/iti/embedded systems/tools/imt tools/sdk/imt_sdk_win_64/imt_sdk_win_64/winavr/bin/../lib/gcc/avr/4.3.3/../../../../avr/lib/avr5/crtm32.o
                0x00000000                __vectors
                0x00000000                __vector_default
 *(.vectors)
 *(.progmem.gcc*)
 *(.progmem*)
                0x00000054                . = ALIGN (0x2)
                0x00000054                __trampolines_start = .
 *(.trampolines)
 .trampolines   0x00000054        0x0 linker stubs
 *(.trampolines*)
                0x00000054                __trampolines_end = .
 *(.jumptables)
 *(.jumptables*)
 *(.lowtext)
 *(.lowtext*)
                0x00000054                __ctors_start = .
 *(.ctors)
                0x00000054                __ctors_end = .
                0x00000054                __dtors_start = .
 *(.dtors)
                0x00000054                __dtors_end = .
 SORT(*)(.ctors)
 SORT(*)(.dtors)
 *(.init0)
 .init0         0x00000054        0x0 f:/courses/iti/embedded systems/tools/imt tools/sdk/imt_sdk_win_64/imt_sdk_win_64/winavr/bin/../lib/gcc/avr/4.3.3/../../../../avr/lib/avr5/crtm32.o
                0x00000054                __init
 *(.init0)
 *(.init1)
 *(.init1)
 *(.init2)
 .init2         0x00000054        0xc f:/courses/iti/embedded systems/tools/imt tools/sdk/imt_sdk_win_64/imt_sdk_win_64/winavr/bin/../lib/gcc/avr/4.3.3/../../../../avr/lib/avr5/crtm32.o
 *(.init2)
 *(.init3)
 *(.init3)
 *(.init4)
 .init4         0x00000060       0x16 f:/courses/iti/embedded systems/tools/imt tools/sdk/imt_sdk_win_64/imt_sdk_win_64/winavr/bin/../lib/gcc/avr/4.3.3/avr5\libgcc.a(_copy_data.o)
                0x00000060                __do_copy_data
 .init4         0x00000076       0x10 f:/courses/iti/embedded systems/tools/imt tools/sdk/imt_sdk_win_64/imt_sdk_win_64/winavr/bin/../lib/gcc/avr/4.3.3/avr5\libgcc.a(_clear_bss.o)
                0x00000076                __do_clear_bss
 *(.init4)
 *(.init5)
 *(.init5)
 *(.init6)
 *(.init6)
 *(.init7)
 *(.init7)
 *(.init8)
 *(.init8)
 *(.init9)
 .init9         0x00000086        0x8 f:/courses/iti/embedded systems/tools/imt tools/sdk/imt_sdk_win_64/imt_sdk_win_64/winavr/bin/../lib/gcc/avr/4.3.3/../../../../avr/lib/avr5/crtm32.o
 *(.init9)
 *(.text)
 .text          0x0000008e        0x4 f:/courses/iti/embedded systems/tools/imt tools/sdk/imt_sdk_win_64/imt_sdk_win_64/winavr/bin/../lib/gcc/avr/4.3.3/../../../../avr/lib/avr5/crtm32.o
                0x0000008e                __vector_12
                0x0000008e                __bad_interrupt
                0x0000008e                __vector_13
                0x0000008e                __vector_17
                0x0000008e                __vector_19
                0x0000008e                __vector_15
                0x0000008e                __vector_14
                0x0000008e                __vector_16
                0x0000008e                __vector_18
                0x0000008e                __vector_20
 .text          0x00000092        0x0 ./MCAL/USART/USART_prog.o
 .text          0x00000092        0x0 ./MCAL/TIMERS/TIMERS_prog.o
 .text          0x00000092        0x0 ./MCAL/GIE/GIE_prog.o
 .text          0x00000092        0x0 ./MCAL/EXTI/EXTI_prog.o
 .text          0x00000092        0x0 ./MCAL/DIO/DIO_prog.o
 .text          0x00000092        0x0 ./MCAL/ADC/ADC_prog.o
 .text          0x00000092        0x0 ./HAL/KPD/KPD_prog.o
 .text          0x00000092        0x0 ./APP/main.o
 .text          0x00000092        0x0 f:/courses/iti/embedded systems/tools/imt tools/sdk/imt_sdk_win_64/imt_sdk_win_64/winavr/bin/../lib/gcc/avr/4.3.3/avr5\libgcc.a(_exit.o)
 .text          0x00000092        0x0 f:/courses/iti/embedded systems/tools/imt tools/sdk/imt_sdk_win_64/imt_sdk_win_64/winavr/bin/../lib/gcc/avr/4.3.3/avr5\libgcc.a(_copy_data.o)
 .text          0x00000092        0x0 f:/courses/iti/embedded systems/tools/imt tools/sdk/imt_sdk_win_64/imt_sdk_win_64/winavr/bin/../lib/gcc/avr/4.3.3/avr5\libgcc.a(_clear_bss.o)
                0x00000092                . = ALIGN (0x2)
 *(.text.*)
 .text.MUSART_vInit
                0x00000092       0x10 ./MCAL/USART/USART_prog.o
                0x00000092                MUSART_vInit
 .text.MUSART_vTransmit
                0x000000a2        0x8 ./MCAL/USART/USART_prog.o
                0x000000a2                MUSART_vTransmit
 .text.MUSART_u8Receive
                0x000000aa        0x8 ./MCAL/USART/USART_prog.o
                0x000000aa                MUSART_u8Receive
 .text.MTIMERS_vSetIntervalAsynch
                0x000000b2       0x5c ./MCAL/TIMERS/TIMERS_prog.o
                0x000000b2                MTIMERS_vSetIntervalAsynch
 .text.MTIMERS_vSetCompareMatch
                0x0000010e       0x2c ./MCAL/TIMERS/TIMERS_prog.o
                0x0000010e                MTIMERS_vSetCompareMatch
 .text.MTIMERS_vSetInterval_CTC
                0x0000013a       0x92 ./MCAL/TIMERS/TIMERS_prog.o
                0x0000013a                MTIMERS_vSetInterval_CTC
 .text.MTIMERS_vStartTimer
                0x000001cc       0x12 ./MCAL/TIMERS/TIMERS_prog.o
                0x000001cc                MTIMERS_vStartTimer
 .text.MTIMERS_vStopTimer
                0x000001de       0x26 ./MCAL/TIMERS/TIMERS_prog.o
                0x000001de                MTIMERS_vStopTimer
 .text.MTIMERS_vSetICU_CB
                0x00000204        0xa ./MCAL/TIMERS/TIMERS_prog.o
                0x00000204                MTIMERS_vSetICU_CB
 .text.MTIMERS_u16GetCapturedValue
                0x0000020e        0x8 ./MCAL/TIMERS/TIMERS_prog.o
                0x0000020e                MTIMERS_u16GetCapturedValue
 .text.MTIMERS_vSetICUTrigger
                0x00000216       0x18 ./MCAL/TIMERS/TIMERS_prog.o
                0x00000216                MTIMERS_vSetICUTrigger
 .text.MTIMERS_vEnableInterrupt
                0x0000022e       0x14 ./MCAL/TIMERS/TIMERS_prog.o
                0x0000022e                MTIMERS_vEnableInterrupt
 .text.MTIMERS_vDisableInterrupt
                0x00000242       0x14 ./MCAL/TIMERS/TIMERS_prog.o
                0x00000242                MTIMERS_vDisableInterrupt
 .text.MTIMERS_vInit
                0x00000256       0x86 ./MCAL/TIMERS/TIMERS_prog.o
                0x00000256                MTIMERS_vInit
 .text.__vector_11
                0x000002dc       0xa2 ./MCAL/TIMERS/TIMERS_prog.o
                0x000002dc                __vector_11
 .text.__vector_10
                0x0000037e       0xa2 ./MCAL/TIMERS/TIMERS_prog.o
                0x0000037e                __vector_10
 .text.__vector_9
                0x00000420       0xa2 ./MCAL/TIMERS/TIMERS_prog.o
                0x00000420                __vector_9
 .text.__vector_8
                0x000004c2       0xa2 ./MCAL/TIMERS/TIMERS_prog.o
                0x000004c2                __vector_8
 .text.__vector_7
                0x00000564       0xa2 ./MCAL/TIMERS/TIMERS_prog.o
                0x00000564                __vector_7
 .text.__vector_6
                0x00000606       0x52 ./MCAL/TIMERS/TIMERS_prog.o
                0x00000606                __vector_6
 .text.__vector_5
                0x00000658       0xa2 ./MCAL/TIMERS/TIMERS_prog.o
                0x00000658                __vector_5
 .text.__vector_4
                0x000006fa       0xa2 ./MCAL/TIMERS/TIMERS_prog.o
                0x000006fa                __vector_4
 .text.MGIE_vEnableInterrupt
                0x0000079c        0x8 ./MCAL/GIE/GIE_prog.o
                0x0000079c                MGIE_vEnableInterrupt
 .text.MGIE_vDisableInterrupt
                0x000007a4        0x8 ./MCAL/GIE/GIE_prog.o
                0x000007a4                MGIE_vDisableInterrupt
 .text.MEXTI_vCallBackFunction
                0x000007ac       0x12 ./MCAL/EXTI/EXTI_prog.o
                0x000007ac                MEXTI_vCallBackFunction
 .text.__vector_1
                0x000007be       0x52 ./MCAL/EXTI/EXTI_prog.o
                0x000007be                __vector_1
 .text.__vector_2
                0x00000810       0x52 ./MCAL/EXTI/EXTI_prog.o
                0x00000810                __vector_2
 .text.__vector_3
                0x00000862       0x52 ./MCAL/EXTI/EXTI_prog.o
                0x00000862                __vector_3
 .text.MEXTI_vInit
                0x000008b4       0x18 ./MCAL/EXTI/EXTI_prog.o
                0x000008b4                MEXTI_vInit
 .text.MDIO_vInit
                0x000008cc       0x1a ./MCAL/DIO/DIO_prog.o
                0x000008cc                MDIO_vInit
 .text.MDIO_vSetPinDir
                0x000008e6       0xe6 ./MCAL/DIO/DIO_prog.o
                0x000008e6                MDIO_vSetPinDir
 .text.MDIO_vSetPinVal
                0x000009cc       0xe6 ./MCAL/DIO/DIO_prog.o
                0x000009cc                MDIO_vSetPinVal
 .text.MDIO_u8GetPinVal
                0x00000ab2       0x40 ./MCAL/DIO/DIO_prog.o
                0x00000ab2                MDIO_u8GetPinVal
 .text.MDIO_vTogPinVal
                0x00000af2       0x6a ./MCAL/DIO/DIO_prog.o
                0x00000af2                MDIO_vTogPinVal
 .text.MDIO_vSetPortDir
                0x00000b5c       0x22 ./MCAL/DIO/DIO_prog.o
                0x00000b5c                MDIO_vSetPortDir
 .text.MDIO_vSetPortVal
                0x00000b7e       0x22 ./MCAL/DIO/DIO_prog.o
                0x00000b7e                MDIO_vSetPortVal
 .text.MDIO_u8GetPortVal
                0x00000ba0       0x24 ./MCAL/DIO/DIO_prog.o
                0x00000ba0                MDIO_u8GetPortVal
 .text.MADC_vInit
                0x00000bc4       0x16 ./MCAL/ADC/ADC_prog.o
                0x00000bc4                MADC_vInit
 .text.MADC_u16AnalogRead
                0x00000bda       0x1a ./MCAL/ADC/ADC_prog.o
                0x00000bda                MADC_u16AnalogRead
 .text.HKPD_u8PressedKey
                0x00000bf4       0x92 ./HAL/KPD/KPD_prog.o
                0x00000bf4                HKPD_u8PressedKey
 .text.HKPD_vInit
                0x00000c86       0x12 ./HAL/KPD/KPD_prog.o
                0x00000c86                HKPD_vInit
 .text.RoomLightOff
                0x00000c98        0xc ./APP/main.o
                0x00000c98                RoomLightOff
 .text.RoomLightOn
                0x00000ca4        0xc ./APP/main.o
                0x00000ca4                RoomLightOn
 .text.main     0x00000cb0       0xa4 ./APP/main.o
                0x00000cb0                main
 .text.libgcc   0x00000d54        0x0 f:/courses/iti/embedded systems/tools/imt tools/sdk/imt_sdk_win_64/imt_sdk_win_64/winavr/bin/../lib/gcc/avr/4.3.3/avr5\libgcc.a(_exit.o)
 .text.libgcc   0x00000d54        0x0 f:/courses/iti/embedded systems/tools/imt tools/sdk/imt_sdk_win_64/imt_sdk_win_64/winavr/bin/../lib/gcc/avr/4.3.3/avr5\libgcc.a(_copy_data.o)
 .text.libgcc   0x00000d54        0x0 f:/courses/iti/embedded systems/tools/imt tools/sdk/imt_sdk_win_64/imt_sdk_win_64/winavr/bin/../lib/gcc/avr/4.3.3/avr5\libgcc.a(_clear_bss.o)
                0x00000d54                . = ALIGN (0x2)
 *(.fini9)
 .fini9         0x00000d54        0x0 f:/courses/iti/embedded systems/tools/imt tools/sdk/imt_sdk_win_64/imt_sdk_win_64/winavr/bin/../lib/gcc/avr/4.3.3/avr5\libgcc.a(_exit.o)
                0x00000d54                exit
                0x00000d54                _exit
 *(.fini9)
 *(.fini8)
 *(.fini8)
 *(.fini7)
 *(.fini7)
 *(.fini6)
 *(.fini6)
 *(.fini5)
 *(.fini5)
 *(.fini4)
 *(.fini4)
 *(.fini3)
 *(.fini3)
 *(.fini2)
 *(.fini2)
 *(.fini1)
 *(.fini1)
 *(.fini0)
 .fini0         0x00000d54        0x4 f:/courses/iti/embedded systems/tools/imt tools/sdk/imt_sdk_win_64/imt_sdk_win_64/winavr/bin/../lib/gcc/avr/4.3.3/avr5\libgcc.a(_exit.o)
 *(.fini0)
                0x00000d58                _etext = .

.data           0x00800060        0xa load address 0x00000d58
                0x00800060                PROVIDE (__data_start, .)
 *(.data)
 .data          0x00800060        0x0 f:/courses/iti/embedded systems/tools/imt tools/sdk/imt_sdk_win_64/imt_sdk_win_64/winavr/bin/../lib/gcc/avr/4.3.3/../../../../avr/lib/avr5/crtm32.o
 .data          0x00800060        0x0 ./MCAL/USART/USART_prog.o
 .data          0x00800060        0x0 ./MCAL/TIMERS/TIMERS_prog.o
 .data          0x00800060        0x0 ./MCAL/GIE/GIE_prog.o
 .data          0x00800060        0x0 ./MCAL/EXTI/EXTI_prog.o
 .data          0x00800060        0x0 ./MCAL/DIO/DIO_prog.o
 .data          0x00800060        0x0 ./MCAL/ADC/ADC_prog.o
 .data          0x00800060        0x0 ./HAL/KPD/KPD_prog.o
 .data          0x00800060        0x0 ./APP/main.o
 .data          0x00800060        0x0 f:/courses/iti/embedded systems/tools/imt tools/sdk/imt_sdk_win_64/imt_sdk_win_64/winavr/bin/../lib/gcc/avr/4.3.3/avr5\libgcc.a(_exit.o)
 .data          0x00800060        0x0 f:/courses/iti/embedded systems/tools/imt tools/sdk/imt_sdk_win_64/imt_sdk_win_64/winavr/bin/../lib/gcc/avr/4.3.3/avr5\libgcc.a(_copy_data.o)
 .data          0x00800060        0x0 f:/courses/iti/embedded systems/tools/imt tools/sdk/imt_sdk_win_64/imt_sdk_win_64/winavr/bin/../lib/gcc/avr/4.3.3/avr5\libgcc.a(_clear_bss.o)
 *(.data*)
 *(.rodata)
 *(.rodata*)
 .rodata.KeyMap
                0x00800060        0x9 ./HAL/KPD/KPD_prog.o
 *(.gnu.linkonce.d*)
                0x0080006a                . = ALIGN (0x2)
 *fill*         0x00800069        0x1 00
                0x0080006a                _edata = .
                0x0080006a                PROVIDE (__data_end, .)

.bss            0x0080006a       0x46
                0x0080006a                PROVIDE (__bss_start, .)
 *(.bss)
 .bss           0x0080006a        0x0 f:/courses/iti/embedded systems/tools/imt tools/sdk/imt_sdk_win_64/imt_sdk_win_64/winavr/bin/../lib/gcc/avr/4.3.3/../../../../avr/lib/avr5/crtm32.o
 .bss           0x0080006a        0x0 ./MCAL/USART/USART_prog.o
 .bss           0x0080006a        0x0 ./MCAL/TIMERS/TIMERS_prog.o
 .bss           0x0080006a        0x0 ./MCAL/GIE/GIE_prog.o
 .bss           0x0080006a        0x0 ./MCAL/EXTI/EXTI_prog.o
 .bss           0x0080006a        0x0 ./MCAL/DIO/DIO_prog.o
 .bss           0x0080006a        0x0 ./MCAL/ADC/ADC_prog.o
 .bss           0x0080006a        0x0 ./HAL/KPD/KPD_prog.o
 .bss           0x0080006a        0x0 ./APP/main.o
 .bss           0x0080006a        0x0 f:/courses/iti/embedded systems/tools/imt tools/sdk/imt_sdk_win_64/imt_sdk_win_64/winavr/bin/../lib/gcc/avr/4.3.3/avr5\libgcc.a(_exit.o)
 .bss           0x0080006a        0x0 f:/courses/iti/embedded systems/tools/imt tools/sdk/imt_sdk_win_64/imt_sdk_win_64/winavr/bin/../lib/gcc/avr/4.3.3/avr5\libgcc.a(_copy_data.o)
 .bss           0x0080006a        0x0 f:/courses/iti/embedded systems/tools/imt tools/sdk/imt_sdk_win_64/imt_sdk_win_64/winavr/bin/../lib/gcc/avr/4.3.3/avr5\libgcc.a(_clear_bss.o)
 *(.bss*)
 .bss.G_u32TimeRequired_2
                0x0080006a        0x4 ./MCAL/TIMERS/TIMERS_prog.o
 .bss.G_TIMER2_CTC_CB
                0x0080006e        0x2 ./MCAL/TIMERS/TIMERS_prog.o
 .bss.L_u32TIM2_Counter.1518
                0x00800070        0x4 ./MCAL/TIMERS/TIMERS_prog.o
 .bss.G_TIMER2_OVF_CB
                0x00800074        0x2 ./MCAL/TIMERS/TIMERS_prog.o
 .bss.L_u32TIM2_OVF.1508
                0x00800076        0x4 ./MCAL/TIMERS/TIMERS_prog.o
 .bss.G_TIMER_ICU_CB
                0x0080007a        0x2 ./MCAL/TIMERS/TIMERS_prog.o
 .bss.G_u32TimeRequired_1A_CTC
                0x0080007c        0x4 ./MCAL/TIMERS/TIMERS_prog.o
 .bss.G_TIMER1A_CTC_CB
                0x00800080        0x2 ./MCAL/TIMERS/TIMERS_prog.o
 .bss.L_u32TIM1A_Counter.1492
                0x00800082        0x4 ./MCAL/TIMERS/TIMERS_prog.o
 .bss.G_u32TimeRequired_1B_CTC
                0x00800086        0x4 ./MCAL/TIMERS/TIMERS_prog.o
 .bss.G_TIMER1B_CTC_CB
                0x0080008a        0x2 ./MCAL/TIMERS/TIMERS_prog.o
 .bss.L_u32TIM1B_Counter.1482
                0x0080008c        0x4 ./MCAL/TIMERS/TIMERS_prog.o
 .bss.G_u32TimeRequired_1_OVF
                0x00800090        0x4 ./MCAL/TIMERS/TIMERS_prog.o
 .bss.G_TIMER1_OVF_CB
                0x00800094        0x2 ./MCAL/TIMERS/TIMERS_prog.o
 .bss.L_u32TIM1_OVF.1472
                0x00800096        0x4 ./MCAL/TIMERS/TIMERS_prog.o
 .bss.G_u32TimeRequired_0
                0x0080009a        0x4 ./MCAL/TIMERS/TIMERS_prog.o
 .bss.G_TIMER0_CTC_CB
                0x0080009e        0x2 ./MCAL/TIMERS/TIMERS_prog.o
 .bss.L_u32TIM0_Counter.1462
                0x008000a0        0x4 ./MCAL/TIMERS/TIMERS_prog.o
 .bss.G_TIMER0_OVF_CB
                0x008000a4        0x2 ./MCAL/TIMERS/TIMERS_prog.o
 .bss.L_u32TIM0_OVF.1452
                0x008000a6        0x4 ./MCAL/TIMERS/TIMERS_prog.o
 .bss.G_EXTISaveAddArr
                0x008000aa        0x6 ./MCAL/EXTI/EXTI_prog.o
 *(COMMON)
                0x008000b0                PROVIDE (__bss_end, .)
                0x00000d58                __data_load_start = LOADADDR (.data)
                0x00000d62                __data_load_end = (__data_load_start + SIZEOF (.data))

.noinit         0x008000b0        0x0
                0x008000b0                PROVIDE (__noinit_start, .)
 *(.noinit*)
                0x008000b0                PROVIDE (__noinit_end, .)
                0x008000b0                _end = .
                0x008000b0                PROVIDE (__heap_start, .)

.eeprom         0x00810000        0x0
 *(.eeprom*)
                0x00810000                __eeprom_end = .

.fuse
 *(.fuse)
 *(.lfuse)
 *(.hfuse)
 *(.efuse)

.lock
 *(.lock*)

.signature
 *(.signature*)

.stab
 *(.stab)

.stabstr
 *(.stabstr)

.stab.excl
 *(.stab.excl)

.stab.exclstr
 *(.stab.exclstr)

.stab.index
 *(.stab.index)

.stab.indexstr
 *(.stab.indexstr)

.comment
 *(.comment)

.debug
 *(.debug)

.line
 *(.line)

.debug_srcinfo
 *(.debug_srcinfo)

.debug_sfnames
 *(.debug_sfnames)

.debug_aranges
 *(.debug_aranges)

.debug_pubnames
 *(.debug_pubnames)

.debug_info
 *(.debug_info)
 *(.gnu.linkonce.wi.*)

.debug_abbrev
 *(.debug_abbrev)

.debug_line
 *(.debug_line)

.debug_frame
 *(.debug_frame)

.debug_str
 *(.debug_str)

.debug_loc
 *(.debug_loc)

.debug_macinfo
 *(.debug_macinfo)
OUTPUT(Graduation_Project.elf elf32-avr)
LOAD linker stubs
